// Jest Snapshot v1, https://goo.gl/fbAQLP

exports[`Renders a  Car item 1`] = `
<DocumentFragment>
  <section
    class="carItemSection"
  >
    <div
      class="carItemContent"
    >
      <img
        alt="Image for Coche"
        class="carItemImage"
        src="someImageUrl"
      />
      <main
        class="carItemTextContainer"
      >
        <div
          class="carItemTitle"
        >
          Coche
        </div>
        <div
          class="carItemFrom"
        >
          desde
        </div>
        <div
          class="carItemPrice"
        >
          29.870 â‚¬
        </div>
      </main>
    </div>
  </section>
</DocumentFragment>
`;
