// Jest Snapshot v1, https://goo.gl/fbAQLP

exports[`Render a floating plus button 1`] = `
<DocumentFragment>
  <div
    class="floatingPlusButton"
    data-testid="floatingPlusButton"
  />
</DocumentFragment>
`;
